[ppc5g.com/ppc-services.html]
[backblue.gif]
[fade.gif]
[index.html]
[ppc5g.com/images/ppclogo.png]
[ppc5g.com/css/font-awesome.min.css]
[code.jquery.com/ui/1.12.1/themes/base/jquery-ui.css]
[cdn.jsdelivr.net/npm/bootstrap@5.0.2/dist/css/bootstrap.min.css]
[ppc5g.com/css/swiper-bundle.min.css]
[ppc5g.com/css/bootstrap-side-modals.css]
[ppc5g.com/css/style.css]
[ppc5g.com/index.html]
[ppc5g.com/images/phone.png]
[ppc5g.com/images/topldgImg.jpg]
[ppc5g.com/images/user.png]
[ppc5g.com/images/email.png]
[ppc5g.com/images/india-flag.png]
[ppc5g.com/images/map.png]
[ppc5g.com/images/enquiry.png]
[ppc5g.com/images/search.webp]
[ppc5g.com/images/display.webp]
[ppc5g.com/images/shopping.webp]
[ppc5g.com/images/video.webp]
[ppc5g.com/images/app.webp]
[ppc5g.com/images/seo.webp]
[ppc5g.com/landing-page.html]
[ppc5g.com/website-design.html]
[ppc5g.com/about-us.html]
[ppc5g.com/about-director.html]
[ppc5g.com/legal.html]
[ppc5g.com/privacy-policy.html]
[cdnjs.cloudflare.com/ajax/libs/jquery/3.4.1/jquery.min.js]
[cdn.jsdelivr.net/npm/@popperjs/core@2.9.2/dist/umd/popper.min.js]
[ppc5g.com/index-2.html]
[cdn.jsdelivr.net/npm/bootstrap@5.0.2/dist/js/bootstrap.bundle.min.js]
[ajax.googleapis.com/ajax/libs/jqueryui/1.12.1/jquery-ui.min.js]
[ppc5g.com/js/jquery.serialscrolling.js]
[ppc5g.com/js/swiper-bundle.min.js]
[ppc5g.com/js/jquery.ttpanel.js]
[ppc5g.com/js/javascript.js]
[ppc5g.com/js/main.js]
[ppc5g.com/js/swiperjs.js]
[ppc5g.com/ppc-services.html]
[ppc5g.com/fonts/fontawesome-webfont3e6e.eot]
[ppc5g.com/fonts/fontawesome-webfontd41d.eot]
[ppc5g.com/fonts/fontawesome-webfont3e6e.woff2]
[ppc5g.com/fonts/fontawesome-webfont3e6e.woff]
[ppc5g.com/fonts/fontawesome-webfont3e6e.ttf]
[ppc5g.com/css/font-awesome.min.css]
[ppc5g.com/fonts/fontawesome-webfont3e6e.svg]
[code.jquery.com/ui/1.12.1/themes/base/images/ui-icons_444444_256x240.png]
[code.jquery.com/ui/1.12.1/themes/base/images/ui-icons_555555_256x240.png]
[code.jquery.com/ui/1.12.1/themes/base/images/ui-icons_ffffff_256x240.png]
[code.jquery.com/ui/1.12.1/themes/base/images/ui-icons_777620_256x240.png]
[code.jquery.com/ui/1.12.1/themes/base/images/ui-icons_cc0000_256x240.png]
[code.jquery.com/ui/1.12.1/themes/base/images/ui-icons_777777_256x240.png]
[code.jquery.com/ui/1.12.1/themes/base/jquery-ui.css]
[cdn.jsdelivr.net/npm/bootstrap@5.0.2/dist/css/bootstrap.min.css]
[ppc5g.com/css/swiper-bundle.min.css]
[ppc5g.com/css/bootstrap-side-modals.css]
[ppc5g.com/images/bg.jpg]
[ppc5g.com/images/bg-mobile.jpg]
[ppc5g.com/css/style.css]
[www.googletagmanager.com/gtm5445.html]
[cdnjs.cloudflare.com/ajax/libs/font-awesome/6.4.2/css/all.min.css]
[ppc5g.com/images/google.png]
[ppc5g.com/images/google-rating.png]
[ppc5g.com/images/facebook-rating.png]
[ppc5g.com/images/Justdail-rating.png]
[ppc5g.com/images/video/webdesign.mp4]
[ppc5g.com/images/video/ecommerce.mp4]
[ppc5g.com/images/video/hosting.mp4]
[ppc5g.com/images/video/graphic.mp4]
[ppc5g.com/images/technology/dot-net-logo.svg]
[ppc5g.com/images/technology/go-logo-blue.svg]
[ppc5g.com/images/technology/java-logo.svg]
[ppc5g.com/images/technology/node-js.svg]
[ppc5g.com/images/technology/php-logo.svg]
[ppc5g.com/images/technology/python.svg]
[ppc5g.com/images/technology/c-plus-plus.svg]
[ppc5g.com/images/technology/html.svg]
[ppc5g.com/images/technology/css.svg]
[ppc5g.com/images/technology/javascript-logo.svg]
[ppc5g.com/images/technology/angular-logo.svg]
[ppc5g.com/images/technology/react-js-logo.svg]
[ppc5g.com/images/technology/meteor.svg]
[ppc5g.com/images/technology/vuejs-logo.svg]
[ppc5g.com/images/technology/ember-logo.svg]
[ppc5g.com/images/technology/ios-logo.svg]
[ppc5g.com/images/technology/android-logo.svg]
[ppc5g.com/images/technology/xamarin-logo-vertical.svg]
[ppc5g.com/images/technology/cordova-logo.svg]
[ppc5g.com/images/technology/pwa-logo.svg]
[ppc5g.com/images/technology/react-native-logo.svg]
[ppc5g.com/images/technology/flutter-logo.svg]
[ppc5g.com/images/technology/c-plus-plus1.svg]
[ppc5g.com/images/technology/qt.svg]
[ppc5g.com/images/technology/c-sharp-logo.svg]
[ppc5g.com/images/technology/objective-c.svg]
[ppc5g.com/images/technology/swift.svg]
[ppc5g.com/images/technology/ms-dynamics-365.svg]
[ppc5g.com/images/technology/salesforce.svg]
[ppc5g.com/images/technology/adobe-commerce.svg]
[ppc5g.com/images/technology/sharepoint-logo-vertical.svg]
[ppc5g.com/images/technology/servicenow.svg]
[ppc5g.com/images/technology/power-bi-2020.svg]
[ppc5g.com/images/technology/sap.svg]
[ppc5g.com/images/technology/qradar.svg]
[ppc5g.com/images/technology/aws.svg]
[ppc5g.com/images/technology/azure-full.svg]
[ppc5g.com/images/technology/google-cloud-logo.svg]
[ppc5g.com/images/technology/digital-ocean.svg]
[ppc5g.com/images/technology/rackspace-horizontal.svg]
[ppc5g.com/images/technology/ms-sql.svg]
[ppc5g.com/images/technology/mysql.svg]
[ppc5g.com/images/technology/oracle.svg]
[ppc5g.com/images/technology/postgresql-vertical-logo.svg]
[ppc5g.com/images/technology/azure-synapse-analytics-logo.svg]
[ppc5g.com/images/technology/azure-sql-database-logo.svg]
[ppc5g.com/images/technology/amazon-rds-logo.svg]
[ppc5g.com/images/technology/amazon-s3.svg]
[ppc5g.com/images/technology/google-cloud-sql-1.svg]
[ppc5g.com/images/technology/hadoop-logo.svg]
[ppc5g.com/images/technology/spark.svg]
[ppc5g.com/images/technology/cassandra.svg]
[ppc5g.com/images/technology/apache-kafka.svg]
[ppc5g.com/images/technology/hive.svg]
[ppc5g.com/images/technology/apache-hbase-logo.svg]
[ppc5g.com/images/technology/apache-zookeper-logo.svg]
[ppc5g.com/images/technology/azure-cosmos-db-logo.svg]
[ppc5g.com/images/technology/azure-blob-storage.svg]
[ppc5g.com/images/technology/azure-data-lake-logo.svg]
[ppc5g.com/images/technology/amazon-dynamodb-logo.svg]
[ppc5g.com/images/technology/amazon-redshift-logo.svg]
[ppc5g.com/images/technology/amazon-documentdb.svg]
[ppc5g.com/images/technology/aws-elasticache.svg]
[ppc5g.com/images/technology/mongodb-logo.svg]
[ppc5g.com/images/technology/google-cloud-datastore-1.svg]
[ppc5g.com/images/technology/matlab.jpg]
[ppc5g.com/images/technology/octave-full.svg]
[ppc5g.com/images/technology/r_logo.svg]
[ppc5g.com/images/technology/mahout-logo.svg]
[ppc5g.com/images/technology/caffe-logo.svg]
[ppc5g.com/images/technology/mxnet-logo.svg]
[ppc5g.com/images/technology/tensorflow-logo-vertical.svg]
[ppc5g.com/images/technology/keras.svg]
[ppc5g.com/images/technology/torch.svg]
[ppc5g.com/images/technology/opencv-logo.svg]
[ppc5g.com/images/technology/theano.svg]
[ppc5g.com/images/technology/spark-mllib-logo.svg]
[ppc5g.com/images/technology/scikit-learn.svg]
[ppc5g.com/images/technology/gensim-full.svg]
[ppc5g.com/images/technology/spacy_logo.svg]
[ppc5g.com/images/technology/amazon-machine-learning-logo.svg]
[ppc5g.com/images/technology/amazon-sagemaker.svg]
[ppc5g.com/images/technology/azure-machine-learning-logo.svg]
[ppc5g.com/images/technology/google-cloud-ai-platform.svg]
[ppc5g.com/images/technology/jenkins.svg]
[ppc5g.com/images/technology/kubernetes-logo.svg]
[ppc5g.com/images/technology/openshift-logo.svg]
[ppc5g.com/images/technology/apache-mesos-logo-vertical.svg]
[ppc5g.com/images/technology/ansible.svg]
[ppc5g.com/images/technology/puppet.svg]
[ppc5g.com/images/technology/chef.svg]
[ppc5g.com/images/technology/saltstack.svg]
[ppc5g.com/images/technology/terraform-logo.svg]
[ppc5g.com/images/technology/packer-logo.svg]
[ppc5g.com/images/technology/aws-developer-tools.svg]
[ppc5g.com/images/technology/azure-devops-logo-vertical.svg]
[ppc5g.com/images/technology/google-developer-tools.svg]
[ppc5g.com/images/technology/gitlab-ci-cd-logo.svg]
[ppc5g.com/images/technology/gitlab.svg]
[ppc5g.com/images/technology/teamcity.svg]
[ppc5g.com/images/technology/zabbix-logo.svg]
[ppc5g.com/images/technology/nagios-logo.svg]
[ppc5g.com/images/technology/elasticsearch.svg]
[ppc5g.com/images/technology/prometheus-logo.svg]
[ppc5g.com/images/technology/grafana-logo.svg]
[ppc5g.com/images/technology/datadog-logo.svg]
[ppc5g.com/images/technology/selenium.svg]
[ppc5g.com/images/technology/appium.svg]
[ppc5g.com/images/technology/protractor.svg]
[ppc5g.com/images/technology/fmbt.svg]
[ppc5g.com/images/technology/xcuitest.svg]
[ppc5g.com/images/technology/teststack-white.svg]
[ppc5g.com/images/technology/xcuit.svg]
[ppc5g.com/images/technology/ranorex.svg]
[ppc5g.com/images/technology/postman.svg]
[ppc5g.com/images/technology/apache-jmeter.svg]
[ppc5g.com/images/technology/hp-quicktest-professional.svg]
[ppc5g.com/images/technology/unified-functional-testing.svg]
[ppc5g.com/images/technology/cloudflare.svg]
[ppc5g.com/images/technology/siege-logo.svg]
[ppc5g.com/images/technology/burpsuite.svg]
[ppc5g.com/images/technology/nessus.svg]
[ppc5g.com/images/technology/aircrack-ng.svg]
[ppc5g.com/images/technology/acunetix.svg]
[ppc5g.com/images/technology/metasploit-r7.svg]
[ppc5g.com/images/technology/nmap.svg]
[ppc5g.com/images/technology/dirb-logo.svg]
[ppc5g.com/images/technology/wireshark.svg]
[ppc5g.com/images/technology/zmap.svg]
[ppc5g.com/images/technology/masscan.svg]
[ppc5g.com/images/real-estate.webp]
[ppc5g.com/images/education.webp]
[ppc5g.com/images/ecom-b2b.webp]
[ppc5g.com/images/travel.webp]
[ppc5g.com/images/visa-immigration.webp]
[ppc5g.com/images/dentist.webp]
[ppc5g.com/images/fashion.png]
[ppc5g.com/images/constraction.webp]
[ppc5g.com/images/hospital.webp]
[ppc5g.com/images/diagnostics.webp]
[ppc5g.com/images/pharma.webp]
[ppc5g.com/images/ayurveda.webp]
[ppc5g.com/images/sports.webp]
[ppc5g.com/images/beverages.webp]
[ppc5g.com/images/interior-design.webp]
[ppc5g.com/images/event.webp]
[ppc5g.com/images/club-dining.png]
[ppc5g.com/images/restaurants.webp]
[ppc5g.com/images/hospitality.webp]
[ppc5g.com/images/ngo.webp]
[ppc5g.com/images/law.webp]
[ppc5g.com/images/fmcg.webp]
[ppc5g.com/images/finance.webp]
[ppc5g.com/images/it-iot.webp]
[ppc5g.com/images/media.webp]
[ppc5g.com/images/footwear.webp]
[ppc5g.com/images/agriculture.webp]
[ppc5g.com/images/automotive.webp]
[ppc5g.com/images/logistics.webp]
[ppc5g.com/images/jewellery.webp]
[ppc5g.com/images/beauty-products.webp]
[ppc5g.com/images/steel.webp]
[ppc5g.com/images/cements.webp]
[ppc5g.com/images/hypermarkets.webp]
[ppc5g.com/images/packaging.webp]
[ppc5g.com/images/chemical-industries.webp]
[ppc5g.com/images/uae.webp]
[ppc5g.com/images/sri-lanka.webp]
[ppc5g.com/images/bhutan.webp]
[ppc5g.com/images/singapore-1.webp]
[ppc5g.com/images/malaysia.webp]
[ppc5g.com/images/australia-1.webp]
[ppc5g.com/images/japan.webp]
[ppc5g.com/images/usa.webp]
[ppc5g.com/images/canada-1.webp]
[ppc5g.com/images/africa.webp]
[ppc5g.com/index.html]
[ppc5g.com/css/bootstrap.min.css]
[ppc5g.com/css/glide.core.min.css]
[ppc5g.com/css/glide.theme.min.css]
[ppc5g.com/images/topldgImg.webp]
[ppc5g.com/js/bootstrap.bundle.min.js]
[ppc5g.com/landing-page.html]
[ppc5g.com/js/commonjs.js]
[ppc5g.com/images/brand/elementor.svg]
[ppc5g.com/images/brand/figma.svg]
[ppc5g.com/images/brand/godaddy.svg]
[ppc5g.com/images/brand/mailchimp.svg]
[ppc5g.com/images/brand/shopify.svg]
[ppc5g.com/images/brand/sitecore.svg]
[ppc5g.com/images/brand/squarespace.svg]
[ppc5g.com/images/brand/webflow.svg]
[ppc5g.com/images/brand/wix.svg]
[ppc5g.com/images/brand/wordpress.svg]
[ppc5g.com/images/integration.webp]
[ppc5g.com/images/whatsapp.png]
[ppc5g.com/js/jquery.event.move.js]
[ppc5g.com/js/grouploop-1.0.0.min.js]
[ppc5g.com/js/webmain.js]
[ppc5g.com/website-design.html]
[ppc5g.com/about-us.html]
[ppc5g.com/images/userfemale.webp]
[ppc5g.com/images/maleuser.png]
[ppc5g.com/images/usermale.webp]
[ppc5g.com/images/userwomen-2.png]
[ppc5g.com/about-director.html]
[ppc5g.com/images/mca.jpg]
[ppc5g.com/images/office-main-gate.jpg]
[ppc5g.com/images/pan.jpg]
[ppc5g.com/images/tan-number.jpg]
[ppc5g.com/legal.html]
[ppc5g.com/privacy-policy.html]
[ppc5g.com/index-2.html]
[ppc5g.com/js/jquery.serialscrolling.js]
[ppc5g.com/Version/index.html]
[ppc5g.com/e.10b.delayed]
[ppc5g.com/t.params.url]
[ppc5g.com/js/swiper-bundle.min.js]
[ppc5g.com/js/jquery.ttpanel.js]
[ppc5g.com/js/javascript.js]
[ppc5g.com/js/main.js]
[ppc5g.com/js/swiperjs.js]
[ppc5g.com/review1.html]
[ppc5g.com/fonts/fontawesome-webfont3e6e.svg]
[cdnjs.cloudflare.com/ajax/libs/font-awesome/6.4.2/css/all.min.css]
[ppc5g.com/images/technology/dot-net-logo.svg]
[ppc5g.com/images/technology/go-logo-blue.svg]
[ppc5g.com/images/technology/java-logo.svg]
[ppc5g.com/images/technology/node-js.svg]
[ppc5g.com/images/technology/php-logo.svg]
[ppc5g.com/images/technology/python.svg]
[ppc5g.com/images/technology/c-plus-plus.svg]
[ppc5g.com/images/technology/html.svg]
[ppc5g.com/images/technology/css.svg]
[ppc5g.com/images/technology/javascript-logo.svg]
[ppc5g.com/images/technology/angular-logo.svg]
[ppc5g.com/images/technology/react-js-logo.svg]
[ppc5g.com/images/technology/meteor.svg]
[ppc5g.com/images/technology/vuejs-logo.svg]
[ppc5g.com/images/technology/ember-logo.svg]
[ppc5g.com/images/technology/ios-logo.svg]
[ppc5g.com/images/technology/android-logo.svg]
[ppc5g.com/images/technology/xamarin-logo-vertical.svg]
[ppc5g.com/images/technology/cordova-logo.svg]
[ppc5g.com/images/technology/pwa-logo.svg]
[ppc5g.com/images/technology/react-native-logo.svg]
[ppc5g.com/images/technology/flutter-logo.svg]
[ppc5g.com/images/technology/c-plus-plus1.svg]
[ppc5g.com/images/technology/qt.svg]
[ppc5g.com/images/technology/c-sharp-logo.svg]
[ppc5g.com/images/technology/objective-c.svg]
[ppc5g.com/images/technology/swift.svg]
[ppc5g.com/images/technology/ms-dynamics-365.svg]
[ppc5g.com/images/technology/salesforce.svg]
[ppc5g.com/images/technology/adobe-commerce.svg]
[ppc5g.com/images/technology/sharepoint-logo-vertical.svg]
[ppc5g.com/images/technology/servicenow.svg]
[ppc5g.com/images/technology/power-bi-2020.svg]
[ppc5g.com/images/technology/sap.svg]
[ppc5g.com/images/technology/qradar.svg]
[ppc5g.com/images/technology/aws.svg]
[ppc5g.com/images/technology/azure-full.svg]
[ppc5g.com/images/technology/google-cloud-logo.svg]
[ppc5g.com/images/technology/digital-ocean.svg]
[ppc5g.com/images/technology/rackspace-horizontal.svg]
[ppc5g.com/images/technology/ms-sql.svg]
[ppc5g.com/images/technology/mysql.svg]
[ppc5g.com/images/technology/oracle.svg]
[ppc5g.com/images/technology/postgresql-vertical-logo.svg]
[ppc5g.com/images/technology/azure-synapse-analytics-logo.svg]
[ppc5g.com/images/technology/azure-sql-database-logo.svg]
[ppc5g.com/images/technology/amazon-rds-logo.svg]
[ppc5g.com/images/technology/amazon-s3.svg]
[ppc5g.com/images/technology/google-cloud-sql-1.svg]
[ppc5g.com/images/technology/hadoop-logo.svg]
[ppc5g.com/images/technology/spark.svg]
[ppc5g.com/images/technology/cassandra.svg]
[ppc5g.com/images/technology/apache-kafka.svg]
[ppc5g.com/images/technology/hive.svg]
[ppc5g.com/images/technology/apache-zookeper-logo.svg]
[ppc5g.com/images/technology/apache-hbase-logo.svg]
[ppc5g.com/images/technology/azure-cosmos-db-logo.svg]
[ppc5g.com/images/technology/azure-blob-storage.svg]
[ppc5g.com/images/technology/azure-data-lake-logo.svg]
[ppc5g.com/images/technology/amazon-dynamodb-logo.svg]
[ppc5g.com/images/technology/amazon-redshift-logo.svg]
[ppc5g.com/images/technology/amazon-documentdb.svg]
[ppc5g.com/images/technology/aws-elasticache.svg]
[ppc5g.com/images/technology/mongodb-logo.svg]
[ppc5g.com/images/technology/google-cloud-datastore-1.svg]
[ppc5g.com/images/technology/octave-full.svg]
[ppc5g.com/images/technology/r_logo.svg]
[ppc5g.com/images/technology/mahout-logo.svg]
[ppc5g.com/images/technology/caffe-logo.svg]
[ppc5g.com/images/technology/mxnet-logo.svg]
[ppc5g.com/images/technology/tensorflow-logo-vertical.svg]
[ppc5g.com/images/technology/keras.svg]
[ppc5g.com/images/technology/torch.svg]
[ppc5g.com/images/technology/opencv-logo.svg]
[ppc5g.com/images/technology/theano.svg]
[ppc5g.com/images/technology/spark-mllib-logo.svg]
[ppc5g.com/images/technology/scikit-learn.svg]
[ppc5g.com/images/technology/gensim-full.svg]
[ppc5g.com/images/technology/spacy_logo.svg]
[ppc5g.com/images/technology/amazon-machine-learning-logo.svg]
[ppc5g.com/images/technology/amazon-sagemaker.svg]
[ppc5g.com/images/technology/azure-machine-learning-logo.svg]
[ppc5g.com/images/technology/google-cloud-ai-platform.svg]
[ppc5g.com/images/technology/jenkins.svg]
[ppc5g.com/images/technology/kubernetes-logo.svg]
[ppc5g.com/images/technology/openshift-logo.svg]
[ppc5g.com/images/technology/apache-mesos-logo-vertical.svg]
[ppc5g.com/images/technology/ansible.svg]
[ppc5g.com/images/technology/puppet.svg]
[ppc5g.com/images/technology/chef.svg]
[ppc5g.com/images/technology/saltstack.svg]
[ppc5g.com/images/technology/terraform-logo.svg]
[ppc5g.com/images/technology/packer-logo.svg]
[ppc5g.com/images/technology/aws-developer-tools.svg]
[ppc5g.com/images/technology/azure-devops-logo-vertical.svg]
[ppc5g.com/images/technology/google-developer-tools.svg]
[ppc5g.com/images/technology/gitlab-ci-cd-logo.svg]
[ppc5g.com/images/technology/gitlab.svg]
[ppc5g.com/images/technology/teamcity.svg]
[ppc5g.com/images/technology/zabbix-logo.svg]
[ppc5g.com/images/technology/nagios-logo.svg]
[ppc5g.com/images/technology/elasticsearch.svg]
[ppc5g.com/images/technology/prometheus-logo.svg]
[ppc5g.com/images/technology/grafana-logo.svg]
[ppc5g.com/images/technology/datadog-logo.svg]
[ppc5g.com/images/technology/selenium.svg]
[ppc5g.com/images/technology/appium.svg]
[ppc5g.com/images/technology/protractor.svg]
[ppc5g.com/images/technology/fmbt.svg]
[ppc5g.com/images/technology/xcuitest.svg]
[ppc5g.com/images/technology/teststack-white.svg]
[ppc5g.com/images/technology/xcuit.svg]
[ppc5g.com/images/technology/ranorex.svg]
[ppc5g.com/images/technology/postman.svg]
[ppc5g.com/images/technology/apache-jmeter.svg]
[ppc5g.com/images/technology/hp-quicktest-professional.svg]
[ppc5g.com/images/technology/unified-functional-testing.svg]
[ppc5g.com/images/technology/cloudflare.svg]
[ppc5g.com/images/technology/siege-logo.svg]
[ppc5g.com/images/technology/burpsuite.svg]
[ppc5g.com/images/technology/nessus.svg]
[ppc5g.com/images/technology/aircrack-ng.svg]
[ppc5g.com/images/technology/acunetix.svg]
[ppc5g.com/images/technology/metasploit-r7.svg]
[ppc5g.com/images/technology/nmap.svg]
[ppc5g.com/images/technology/dirb-logo.svg]
[ppc5g.com/images/technology/wireshark.svg]
[ppc5g.com/images/technology/zmap.svg]
[ppc5g.com/images/technology/masscan.svg]
[ppc5g.com/css/bootstrap.min.css]
[ppc5g.com/css/glide.core.min.css]
[ppc5g.com/css/glide.theme.min.css]
[ppc5g.com/js/bootstrap.bundle.min.js]
[ppc5g.com/js/commonjs.js]
[ppc5g.com/images/brand/elementor.svg]
[ppc5g.com/images/brand/figma.svg]
[ppc5g.com/images/brand/godaddy.svg]
[ppc5g.com/images/brand/mailchimp.svg]
[ppc5g.com/images/brand/shopify.svg]
[ppc5g.com/images/brand/sitecore.svg]
[ppc5g.com/images/brand/squarespace.svg]
[ppc5g.com/images/brand/webflow.svg]
[ppc5g.com/images/brand/wix.svg]
[ppc5g.com/images/brand/wordpress.svg]
[ppc5g.com/js/jquery.event.move.js]
[ppc5g.com/js/grouploop-1.0.0.min.js]
[ppc5g.com/js/webmain.js]
[ppc5g.com/Version/index.html]
[ppc5g.com/e.html]
[ppc5g.com/t.params.html]
[ppc5g.com/review1.html]
